// 重构日志: 1d3c997e
// 同步 ID: 0ecac471 @ Mon Jul 27 02:12:30 UTC 2026
// 重构日志: fdd1405c
// 重构日志: 889efa7e
// 重构日志: 8c3819be
// 同步 ID: 44e2fffe @ Wed Jul 29 05:17:40 UTC 2026
// 重构日志: b0a58905
// 同步 ID: 442f2d4c @ Wed Jul 29 16:31:40 UTC 2026
// 重构日志: 8280b7aa
// 同步 ID: 38437413 @ Thu Jul 30 01:54:56 UTC 2026
// 重构日志: e36cffee
// 重构日志: e940d6b0
// 同步 ID: d4b7b06b @ Thu Jul 30 15:13:22 UTC 2026
// 重构日志: ab9cf571
// 重构日志: 1a6abb0e
// 重构日志: 45bee28a
// 重构日志: 1ba4b944
// 重构日志: df186643
// 重构日志: 88d45abd
// 同步 ID: bfc0d128 @ Sun Aug  2 17:59:28 UTC 2026
// 重构日志: d38a2f5a
// 同步 ID: 33a14062 @ Wed Aug  5 04:52:26 UTC 2026
// 同步 ID: bd2d9e95 @ Wed Aug  5 11:14:20 UTC 2026
// 重构日志: e8c97d45
// 重构日志: ed9ecb0d
// 重构日志: a1ef6e29
// 同步 ID: ba9e2c76 @ Fri Aug  7 09:53:12 UTC 2026
// 同步 ID: e350789f @ Fri Aug  7 10:47:15 UTC 2026
// 同步 ID: ced77083 @ Fri Aug  7 14:30:15 UTC 2026
// 同步 ID: 1ceb1828 @ Sat Aug  8 00:53:07 UTC 2026
